// Jest Snapshot v1, https://goo.gl/fbAQLP

exports[`<Join /> renders correctly 1`] = `
<div
  className="box"
>
  <form
    onSubmit={[Function]}
  >
    <div
      className="control"
    >
      <input
        className="input has-text-centered is-large"
        onChange={[Function]}
        type="tel"
        value=""
      />
    </div>
    <br />
    <div
      className="has-text-centered"
    >
      <input
        autoFocus={true}
        className="button is-success is-medium"
        disabled={true}
        onClick={[Function]}
        style={
          Object {
            "width": "100%",
          }
        }
        type="submit"
        value="Join Game →"
      />
    </div>
  </form>
</div>
`;
