// Jest Snapshot v1, https://goo.gl/fbAQLP

exports[`<Join /> renders correctly 1`] = `
<div
  className="modal is-active"
>
  <div
    className="modal-background"
  />
  <div
    className="modal-content has-text-centered has-text-white"
  >
    <i
      className="fa fa-4x fa-spinner fa-pulse"
    />
  </div>
</div>
`;
