// Jest Snapshot v1, https://goo.gl/fbAQLP

exports[`Board renders correctly 1`] = `
<div
  className="BoardWrapper"
  onClick={[Function]}
>
  <div
    className="Board"
  >
    <div
      className="BoardRow"
    >
      <div
        className="Card Card--controller"
        data-role="BYSTANDER"
        onClick={[Function]}
      >
        <div>
          King
          <i
            className="fa fa-child"
          />
        </div>
      </div>
      <div
        className="Card Card--controller"
        data-role="BLUE_SPY"
        onClick={[Function]}
      >
        <div>
          Bug
          <i
            className="fa fa-tint"
          />
        </div>
      </div>
      <div
        className="Card Card--controller"
        data-role="BLUE_SPY"
        onClick={[Function]}
      >
        <div>
          Loch Ness
          <i
            className="fa fa-tint"
          />
        </div>
      </div>
      <div
        className="Card Card--controller"
        data-role="BLUE_SPY"
        onClick={[Function]}
      >
        <div>
          Scale
          <i
            className="fa fa-tint"
          />
        </div>
      </div>
      <div
        className="Card Card--controller"
        data-role="RED_SPY"
        onClick={[Function]}
      >
        <div>
          Figure
          <i
            className="fa fa-fire"
          />
        </div>
      </div>
    </div>
    <div
      className="BoardRow"
    >
      <div
        className="Card Card--controller"
        data-role="BLUE_SPY"
        onClick={[Function]}
      >
        <div>
          March
          <i
            className="fa fa-tint"
          />
        </div>
      </div>
      <div
        className="Card Card--controller"
        data-role="BYSTANDER"
        onClick={[Function]}
      >
        <div>
          Hood
          <i
            className="fa fa-child"
          />
        </div>
      </div>
      <div
        className="Card Card--controller"
        data-role="BLUE_SPY"
        onClick={[Function]}
      >
        <div>
          Trip
          <i
            className="fa fa-tint"
          />
        </div>
      </div>
      <div
        className="Card Card--controller"
        data-role="BYSTANDER"
        onClick={[Function]}
      >
        <div>
          Pan
          <i
            className="fa fa-child"
          />
        </div>
      </div>
      <div
        className="Card Card--controller"
        data-role="RED_SPY"
        onClick={[Function]}
      >
        <div>
          Wind
          <i
            className="fa fa-fire"
          />
        </div>
      </div>
    </div>
    <div
      className="BoardRow"
    >
      <div
        className="Card Card--controller"
        data-role="RED_SPY"
        onClick={[Function]}
      >
        <div>
          Port
          <i
            className="fa fa-fire"
          />
        </div>
      </div>
      <div
        className="Card Card--controller"
        data-role="RED_SPY"
        onClick={[Function]}
      >
        <div>
          Chick
          <i
            className="fa fa-fire"
          />
        </div>
      </div>
      <div
        className="Card Card--controller"
        data-role="BLUE_SPY"
        onClick={[Function]}
      >
        <div>
          Copper
          <i
            className="fa fa-tint"
          />
        </div>
      </div>
      <div
        className="Card Card--controller"
        data-role="BLUE_SPY"
        onClick={[Function]}
      >
        <div>
          Tube
          <i
            className="fa fa-tint"
          />
        </div>
      </div>
      <div
        className="Card Card--controller"
        data-role="BYSTANDER"
        onClick={[Function]}
      >
        <div>
          Chest
          <i
            className="fa fa-child"
          />
        </div>
      </div>
    </div>
    <div
      className="BoardRow"
    >
      <div
        className="Card Card--controller"
        data-role="BLUE_SPY"
        onClick={[Function]}
      >
        <div>
          Robin
          <i
            className="fa fa-tint"
          />
        </div>
      </div>
      <div
        className="Card Card--controller"
        data-role="RED_SPY"
        onClick={[Function]}
      >
        <div>
          Band
          <i
            className="fa fa-fire"
          />
        </div>
      </div>
      <div
        className="Card Card--controller"
        data-role="RED_SPY"
        onClick={[Function]}
      >
        <div>
          Fire
          <i
            className="fa fa-fire"
          />
        </div>
      </div>
      <div
        className="Card Card--controller"
        data-role="BYSTANDER"
        onClick={[Function]}
      >
        <div>
          Chair
          <i
            className="fa fa-child"
          />
        </div>
      </div>
      <div
        className="Card Card--controller"
        data-role="ASSASSIN"
        onClick={[Function]}
      >
        <div>
          Cat
          <i
            className="fa fa-bullseye"
          />
        </div>
      </div>
    </div>
    <div
      className="BoardRow"
    >
      <div
        className="Card Card--controller"
        data-role="BLUE_SPY"
        onClick={[Function]}
      >
        <div>
          Undertaker
          <i
            className="fa fa-tint"
          />
        </div>
      </div>
      <div
        className="Card Card--controller"
        data-role="RED_SPY"
        onClick={[Function]}
      >
        <div>
          Cover
          <i
            className="fa fa-fire"
          />
        </div>
      </div>
      <div
        className="Card Card--controller"
        data-role="BYSTANDER"
        onClick={[Function]}
      >
        <div>
          Suit
          <i
            className="fa fa-child"
          />
        </div>
      </div>
      <div
        className="Card Card--controller"
        data-role="RED_SPY"
        onClick={[Function]}
      >
        <div>
          Roulette
          <i
            className="fa fa-fire"
          />
        </div>
      </div>
      <div
        className="Card Card--controller"
        data-role="BYSTANDER"
        onClick={[Function]}
      >
        <div>
          Chocolate
          <i
            className="fa fa-child"
          />
        </div>
      </div>
    </div>
  </div>
</div>
`;
